// Jest Snapshot v1, https://goo.gl/fbAQLP

exports[`<HomePage> should render homepage 1`] = `
<div>
  <div
    class="styles__Container-sc-4qo35f-0"
  >
    <div
      class="styles__HeaderRow-sc-4qo35f-1 llnNb row-1"
    >
      <div
        class="ant-row css-dev-only-do-not-override-17a39f8"
      >
        <div
          class="ant-col ant-col-14 ant-col-offset-2 css-dev-only-do-not-override-17a39f8"
        >
          <h1
            class="ant-typography hero-title css-dev-only-do-not-override-17a39f8"
          >
             Mint and manage your services, agents and components.
          </h1>
          <span
            class="ant-typography lead css-dev-only-do-not-override-17a39f8"
          >
            The easiest way to interact with the Autonolas on-chain registry.
          </span>
          <a
            class="ant-btn css-dev-only-do-not-override-17a39f8 ant-btn-primary ant-btn-lg"
            href="/components"
          >
            <span>
              Get started →
            </span>
          </a>
        </div>
        <div
          class="ant-col ant-col-8 css-dev-only-do-not-override-17a39f8"
        >
          <img
            alt="Autonomous Agent Service Architecture"
            data-nimg="1"
            decoding="async"
            fetchpriority="high"
            height="344"
            loading="lazy"
            src="/images/homepage/autonomous-agent-service-architecture.svg"
            style="color: transparent;"
            width="344"
          />
        </div>
      </div>
    </div>
    <div
      class="styles__ContentRow-sc-4qo35f-2 cbTHzi row-2"
    >
      <h3
        class="ant-typography title css-dev-only-do-not-override-17a39f8"
      >
        How are Autonolas services architected?
      </h3>
      <div
        class="ant-row ant-row-middle each-service css-dev-only-do-not-override-17a39f8"
      >
        <div
          class="ant-col column column-1 ant-col-xs-10 ant-col-md-12 css-dev-only-do-not-override-17a39f8"
        >
          <img
            alt="They manage how the service is set up. Service owners define the business model of their services, and charge DAOs to use them."
            class="each-service-image"
            data-nimg="1"
            decoding="async"
            height="150"
            loading="lazy"
            src="/images/homepage/services.svg"
            style="color: transparent;"
            width="150"
          />
        </div>
        <div
          class="ant-col column column-2 ant-col-xs-14 ant-col-md-12 css-dev-only-do-not-override-17a39f8"
        >
          <h4
            class="ant-typography css-dev-only-do-not-override-17a39f8"
          >
            Service owners mint and manage complete agent services
          </h4>
          <span
            class="ant-typography description css-dev-only-do-not-override-17a39f8"
          >
            They manage how the service is set up. Service owners define the business model of their services, and charge DAOs to use them.
          </span>
          <br />
          <a
            href="/services"
          >
            View all services
          </a>
        </div>
      </div>
      <div
        class="ant-row ant-row-middle each-service css-dev-only-do-not-override-17a39f8"
      >
        <div
          class="ant-col column column-1 ant-col-xs-10 ant-col-md-12 css-dev-only-do-not-override-17a39f8"
        >
          <img
            alt="Services are run by multiple  software agents, each with an independent operator. Developers can author full agents, and these can be composed by service owners."
            class="each-service-image"
            data-nimg="1"
            decoding="async"
            height="150"
            loading="lazy"
            src="/images/homepage/agents.svg"
            style="color: transparent;"
            width="150"
          />
        </div>
        <div
          class="ant-col column column-2 ant-col-xs-14 ant-col-md-12 css-dev-only-do-not-override-17a39f8"
        >
          <h4
            class="ant-typography css-dev-only-do-not-override-17a39f8"
          >
            Services are made of agents
          </h4>
          <span
            class="ant-typography description css-dev-only-do-not-override-17a39f8"
          >
            Services are run by multiple  software agents, each with an independent operator. Developers can author full agents, and these can be composed by service owners.
          </span>
          <br />
          <a
            href="/agents"
          >
            View all agents
          </a>
        </div>
      </div>
      <div
        class="ant-row ant-row-middle each-service css-dev-only-do-not-override-17a39f8"
      >
        <div
          class="ant-col column column-1 ant-col-xs-10 ant-col-md-12 css-dev-only-do-not-override-17a39f8"
        >
          <img
            alt="Components are smaller blocks of code which can be reused by agent developers."
            class="each-service-image"
            data-nimg="1"
            decoding="async"
            height="150"
            loading="lazy"
            src="/images/homepage/components.svg"
            style="color: transparent;"
            width="150"
          />
        </div>
        <div
          class="ant-col column column-2 ant-col-xs-14 ant-col-md-12 css-dev-only-do-not-override-17a39f8"
        >
          <h4
            class="ant-typography css-dev-only-do-not-override-17a39f8"
          >
            Each agent is made of components
          </h4>
          <span
            class="ant-typography description css-dev-only-do-not-override-17a39f8"
          >
            Components are smaller blocks of code which can be reused by agent developers.
          </span>
          <br />
          <a
            href="/components"
          >
            View all components
          </a>
        </div>
      </div>
    </div>
  </div>
</div>
`;
